/home/namvu/Desktop/code_moi_nhat/be/src/test/java/com/example/InternShip/InternShipApplicationTests.java
/home/namvu/Desktop/code_moi_nhat/be/src/test/java/com/example/InternShip/service/impl/AllowancePackageServiceImplTest.java
/home/namvu/Desktop/code_moi_nhat/be/src/test/java/com/example/InternShip/service/impl/AllowanceReportServiceImplTest.java
/home/namvu/Desktop/code_moi_nhat/be/src/test/java/com/example/InternShip/service/impl/AllowanceServiceImplTest.java
/home/namvu/Desktop/code_moi_nhat/be/src/test/java/com/example/InternShip/service/impl/ApplicationServiceImplTest.java
/home/namvu/Desktop/code_moi_nhat/be/src/test/java/com/example/InternShip/service/impl/AttendanceServiceImplTest.java
/home/namvu/Desktop/code_moi_nhat/be/src/test/java/com/example/InternShip/service/impl/ChatServiceImplTest.java
/home/namvu/Desktop/code_moi_nhat/be/src/test/java/com/example/InternShip/service/impl/CloudinaryServiceImplTest.java
/home/namvu/Desktop/code_moi_nhat/be/src/test/java/com/example/InternShip/service/impl/DepartmentServiceImplTest.java
/home/namvu/Desktop/code_moi_nhat/be/src/test/java/com/example/InternShip/service/impl/EmailServiceImplTest.java
/home/namvu/Desktop/code_moi_nhat/be/src/test/java/com/example/InternShip/service/impl/EvaluationServiceImplTest.java
/home/namvu/Desktop/code_moi_nhat/be/src/test/java/com/example/InternShip/service/impl/ExcelExportServiceImplTest.java
/home/namvu/Desktop/code_moi_nhat/be/src/test/java/com/example/InternShip/service/impl/InternServiceImplTest.java
/home/namvu/Desktop/code_moi_nhat/be/src/test/java/com/example/InternShip/service/impl/InternshipProgramServiceImplTest.java
/home/namvu/Desktop/code_moi_nhat/be/src/test/java/com/example/InternShip/service/impl/LeaveRequestServiceImplTest.java
/home/namvu/Desktop/code_moi_nhat/be/src/test/java/com/example/InternShip/service/impl/MentorServiceImplTest.java
/home/namvu/Desktop/code_moi_nhat/be/src/test/java/com/example/InternShip/service/impl/PendingUserServiceImplTest.java
/home/namvu/Desktop/code_moi_nhat/be/src/test/java/com/example/InternShip/service/impl/ReportServiceImplTest.java
/home/namvu/Desktop/code_moi_nhat/be/src/test/java/com/example/InternShip/service/impl/SprintCompletionServiceImplTest.java
/home/namvu/Desktop/code_moi_nhat/be/src/test/java/com/example/InternShip/service/impl/SprintServiceImplTest.java
/home/namvu/Desktop/code_moi_nhat/be/src/test/java/com/example/InternShip/service/impl/SupportRequestServiceImplTest.java
/home/namvu/Desktop/code_moi_nhat/be/src/test/java/com/example/InternShip/service/impl/TaskServiceImplTest.java
/home/namvu/Desktop/code_moi_nhat/be/src/test/java/com/example/InternShip/service/impl/TeamServiceImplTest.java
/home/namvu/Desktop/code_moi_nhat/be/src/test/java/com/example/InternShip/service/impl/UserServiceImplTest.java
/home/namvu/Desktop/code_moi_nhat/be/src/test/java/com/example/InternShip/service/impl/WorkScheduleServiceImplTest.java
