com/example/InternShip/dto/auth/request/RefreshTokenRequest.class
com/example/InternShip/dto/internshipProgram/response/GetAllInternProgramResponse.class
com/example/InternShip/config/scheduler/MonthlyAllowanceCalculationJob.class
com/example/InternShip/controller/InternshipProgramController.class
com/example/InternShip/service/AllowanceCalculationService.class
com/example/InternShip/service/impl/SupportRequestServiceImpl.class
com/example/InternShip/dto/chat/response/ChatMessageResponse$ChatMessageResponseBuilder.class
com/example/InternShip/entity/SupportRequest$Status.class
com/example/InternShip/dto/application/request/SubmitApplicationContractRequest.class
com/example/InternShip/controller/SupportRequestController.class
com/example/InternShip/job/EndReviewJob.class
com/example/InternShip/dto/task/request/UpdateTaskRequest.class
com/example/InternShip/service/SprintService.class
com/example/InternShip/dto/supportRequest/request/CreateSupportRequestRequest.class
com/example/InternShip/repository/TeamRepository.class
com/example/InternShip/service/EvaluationService.class
com/example/InternShip/dto/task/request/BatchTaskUpdateRequest.class
com/example/InternShip/dto/task/request/CreateTaskRequest.class
com/example/InternShip/dto/team/response/TeamMemberResponse.class
com/example/InternShip/dto/intern/response/GetInternResponse$GetInternResponseBuilder.class
com/example/InternShip/dto/intern/response/GetAllInternNoTeamResponse.class
com/example/InternShip/config/SecurityConfig.class
com/example/InternShip/dto/cloudinary/response/FileResponse$FileResponseBuilder.class
com/example/InternShip/dto/mentor/response/GetMentorResponse.class
com/example/InternShip/entity/Attendance.class
com/example/InternShip/dto/department/response/GetAllDepartmentResponse.class
com/example/InternShip/dto/mentor/response/GetAllMentorResponse.class
com/example/InternShip/dto/sprint/request/CreateSprintRequest.class
com/example/InternShip/dto/response/PagedResponse.class
com/example/InternShip/dto/internshipProgram/response/GetInternProgramResponse.class
com/example/InternShip/dto/sprint/response/GetEvaluateSprintResponse.class
com/example/InternShip/entity/Mentor.class
com/example/InternShip/service/impl/PendingUserServiceImpl.class
com/example/InternShip/dto/task/response/TaskResponse.class
com/example/InternShip/entity/Sprint.class
com/example/InternShip/dto/leaveRequest/response/InternGetAllLeaveApplicationResponseSupport.class
com/example/InternShip/exception/NotFoundException.class
com/example/InternShip/dto/user/request/ChangeMyPasswordRequest.class
com/example/InternShip/dto/leaveRequest/request/RejectLeaveApplicationRequest.class
com/example/InternShip/service/impl/AllowanceServiceImpl.class
com/example/InternShip/repository/InternshipProgramRepository.class
com/example/InternShip/dto/team/response/GetAllTeamResponse.class
com/example/InternShip/entity/InternshipApplication$Status.class
com/example/InternShip/service/EmailService.class
com/example/InternShip/service/impl/UserServiceImpl.class
com/example/InternShip/repository/SupportRequestRepository.class
com/example/InternShip/repository/WorkScheduleRepository.class
com/example/InternShip/dto/workSchedule/request/CreateWorkScheduleRequest.class
com/example/InternShip/Main.class
com/example/InternShip/dto/report/response/InternAttendanceDetailResponse$LeaveLogEntry.class
com/example/InternShip/service/impl/MentorServiceImpl.class
com/example/InternShip/service/ChatService.class
com/example/InternShip/entity/Sprint$ReportStatus.class
com/example/InternShip/entity/ChatMessage.class
com/example/InternShip/controller/AllowanceController.class
com/example/InternShip/dto/supportRequest/response/GetSupportRequestResponse.class
com/example/InternShip/entity/University.class
com/example/InternShip/dto/intern/request/UpdateInternRequest$UpdateInternRequestBuilder.class
com/example/InternShip/dto/team/response/TeamDetailResponse.class
com/example/InternShip/controller/MajorController.class
com/example/InternShip/config/CloudinaryConfig.class
com/example/InternShip/service/TaskService.class
com/example/InternShip/dto/application/response/ApplicationResponse.class
com/example/InternShip/service/impl/ApplicationServiceImpl.class
com/example/InternShip/service/impl/ChatServiceImpl.class
com/example/InternShip/dto/allowancepackage/response/AllowancePackageResponse.class
com/example/InternShip/repository/MajorRepository.class
com/example/InternShip/dto/request/AllowanceRequest.class
com/example/InternShip/service/impl/TaskServiceImpl.class
com/example/InternShip/entity/Department.class
com/example/InternShip/entity/WorkSchedule.class
com/example/InternShip/repository/DepartmentRepository.class
com/example/InternShip/controller/SprintController.class
com/example/InternShip/dto/chat/response/ConversationListResponse.class
com/example/InternShip/dto/user/response/GetUserResponse.class
com/example/InternShip/dto/sprint/request/EvaluateSprintRequest.class
com/example/InternShip/entity/Attendance$Status.class
com/example/InternShip/dto/chat/response/ConversationResponse.class
com/example/InternShip/repository/InternshipApplicationRepository.class
com/example/InternShip/job/StartInternship.class
com/example/InternShip/service/impl/WorkScheduleServiceImpl.class
com/example/InternShip/service/AllowanceService.class
com/example/InternShip/service/AuthService.class
com/example/InternShip/service/impl/TeamServiceImpl.class
com/example/InternShip/repository/UniversityRepository.class
com/example/InternShip/exception/GlobalExceptionHandler.class
com/example/InternShip/controller/PendingUserController.class
com/example/InternShip/dto/leaveRequest/request/CreateLeaveApplicationRequest.class
com/example/InternShip/dto/auth/response/TokenResponse.class
com/example/InternShip/entity/LeaveRequest.class
com/example/InternShip/config/WebSocketConfig.class
com/example/InternShip/entity/AllowancePackage$Status.class
com/example/InternShip/dto/sprint/response/SprintResponse.class
com/example/InternShip/controller/TaskController.class
com/example/InternShip/dto/intern/response/MyProfileResponse.class
com/example/InternShip/controller/TeamController.class
com/example/InternShip/controller/UserController.class
com/example/InternShip/controller/ApplicationController.class
com/example/InternShip/controller/AllowanceReportController.class
com/example/InternShip/service/LeaveRequestService.class
com/example/InternShip/controller/DepartmentController.class
com/example/InternShip/service/InternshipProgramService.class
com/example/InternShip/entity/AllowancePackage.class
com/example/InternShip/entity/User.class
com/example/InternShip/entity/Allowance.class
com/example/InternShip/dto/attendance/response/GetMyScheduleResponse.class
com/example/InternShip/service/UserService.class
com/example/InternShip/controller/EvaluationController.class
com/example/InternShip/service/ReportService.class
com/example/InternShip/repository/PendingUserRepository.class
com/example/InternShip/service/impl/SprintServiceImpl.class
com/example/InternShip/dto/application/response/ApplicationResponse$ApplicationResponseBuilder.class
com/example/InternShip/controller/LeaveRequestController.class
com/example/InternShip/dto/auth/request/GoogleLoginRequest.class
com/example/InternShip/dto/auth/request/RegisterRequest$RegisterRequestBuilder.class
com/example/InternShip/dto/supportRequest/request/UpdateSupportRequestRequest.class
com/example/InternShip/entity/PendingUser.class
com/example/InternShip/exception/InvalidRequestException.class
com/example/InternShip/dto/auth/request/LoginRequest.class
com/example/InternShip/dto/supportRequest/request/RejectSupportRequestRequest.class
com/example/InternShip/service/impl/AuthServiceImpl.class
com/example/InternShip/dto/sprint/request/UpdateSprintRequest.class
com/example/InternShip/entity/MonthlyAllowanceReport.class
com/example/InternShip/dto/internshipProgram/request/UpdateInternProgramRequest.class
com/example/InternShip/repository/TaskRepository.class
com/example/InternShip/repository/UserRepository.class
com/example/InternShip/dto/chat/request/ChatMessageRequest.class
com/example/InternShip/entity/enums/Role.class
com/example/InternShip/entity/Task.class
com/example/InternShip/service/impl/InternServiceImpl.class
com/example/InternShip/controller/AllowancePackageController.class
com/example/InternShip/config/ApplicationConfig.class
com/example/InternShip/dto/workSchedule/response/WorkScheduleResponse.class
com/example/InternShip/dto/attendance/response/GetAllAttendanceResponse.class
com/example/InternShip/dto/leaveRequest/response/GetLeaveApplicationResponse.class
com/example/InternShip/dto/report/response/InternAttendanceDetailResponse.class
com/example/InternShip/exception/ErrorCode.class
com/example/InternShip/config/SwaggerConfig.class
com/example/InternShip/dto/user/request/ForgetPasswordRequest.class
com/example/InternShip/service/impl/EvaluationServiceImpl.class
com/example/InternShip/service/impl/ExcelExportServiceImpl.class
com/example/InternShip/dto/mentor/request/UpdateMentorRequest.class
com/example/InternShip/dto/response/UniversityGetAllResponse.class
com/example/InternShip/entity/Conversation.class
com/example/InternShip/entity/Intern$SoftSkill.class
com/example/InternShip/dto/leaveRequest/response/GetAllLeaveApplicationResponse.class
com/example/InternShip/dto/report/response/FinalReportResponse.class
com/example/InternShip/repository/ConversationRepository.class
com/example/InternShip/service/impl/LeaveRequestServiceImpl.class
com/example/InternShip/dto/application/request/ApplicationRequest.class
com/example/InternShip/entity/Team.class
com/example/InternShip/controller/MentorController.class
com/example/InternShip/job/EndPublishJob.class
com/example/InternShip/dto/user/request/UpdateUserRequest.class
com/example/InternShip/dto/evaluation/response/EvaluationResponse.class
com/example/InternShip/service/SupportRequestService.class
com/example/InternShip/controller/InternController.class
com/example/InternShip/controller/ConversationController.class
com/example/InternShip/repository/SprintRepository.class
com/example/InternShip/dto/report/response/FinalAttendanceResponse.class
com/example/InternShip/repository/LeaveRequestRepository.class
com/example/InternShip/service/AllowancePackageService.class
com/example/InternShip/entity/Allowance$Status.class
com/example/InternShip/dto/mentor/request/CreateMentorRequest.class
com/example/InternShip/dto/AllowanceResponse.class
com/example/InternShip/dto/intern/request/GetAllInternRequest.class
com/example/InternShip/repository/ChatMessageRepository.class
com/example/InternShip/entity/Intern$Status.class
com/example/InternShip/dto/attendance/response/GetTeamScheduleResponse$DetailTeamSchedule.class
com/example/InternShip/entity/InternshipProgram.class
com/example/InternShip/service/impl/ReportServiceImpl.class
com/example/InternShip/dto/auth/request/RegisterRequest.class
com/example/InternShip/dto/attendance/response/GetTeamScheduleResponse.class
com/example/InternShip/entity/Major.class
com/example/InternShip/dto/chat/response/ConversationListResponse$ConversationListResponseBuilder.class
com/example/InternShip/dto/leaveRequest/response/InternGetAllLeaveApplicationResponse.class
com/example/InternShip/dto/report/response/AttendanceSummaryResponse.class
com/example/InternShip/service/InternService.class
com/example/InternShip/repository/AllowanceRepository.class
com/example/InternShip/entity/InternshipProgram$Status.class
com/example/InternShip/config/QuartzConfig.class
com/example/InternShip/service/impl/DepartmentServiceImpl.class
com/example/InternShip/entity/InternshipApplication.class
com/example/InternShip/controller/UniversityController.class
com/example/InternShip/service/ExcelExportService.class
com/example/InternShip/service/GoogleAuthService.class
com/example/InternShip/dto/response/MajorGetAllResponse.class
com/example/InternShip/service/ApplicationService.class
com/example/InternShip/service/impl/EmailServiceImpl.class
com/example/InternShip/repository/MentorRepository.class
com/example/InternShip/dto/report/response/InternAttendanceDetailResponse$DailyLogEntry.class
com/example/InternShip/dto/intern/request/UpdateInternRequest.class
com/example/InternShip/dto/allowancepackage/response/InternshipProgramInfo.class
com/example/InternShip/service/SprintCompletionService.class
com/example/InternShip/dto/sprint/response/SprintReportResponse.class
com/example/InternShip/service/AllowanceReportService.class
com/example/InternShip/repository/AllowancePackageRepository.class
com/example/InternShip/repository/AttendanceRepository.class
com/example/InternShip/controller/WorkScheduleController.class
com/example/InternShip/entity/LeaveRequest$Type.class
com/example/InternShip/service/DepartmentService.class
com/example/InternShip/dto/team/request/AddMemberRequest.class
com/example/InternShip/dto/chat/response/ConversationResponse$ConversationResponseBuilder.class
com/example/InternShip/controller/ChatController.class
com/example/InternShip/service/WorkScheduleService.class
com/example/InternShip/service/MentorService.class
com/example/InternShip/controller/ReportController.class
com/example/InternShip/dto/team/request/UpdateTeamRequest.class
com/example/InternShip/controller/AuthController.class
com/example/InternShip/service/impl/AttendanceServiceImpl.class
com/example/InternShip/entity/SupportRequest.class
com/example/InternShip/dto/user/request/CreateUserRequest.class
com/example/InternShip/config/JwtChannelInterceptor.class
com/example/InternShip/service/TeamService.class
com/example/InternShip/dto/mentor/response/TeamResponse.class
com/example/InternShip/service/AttendanceService.class
com/example/InternShip/service/impl/CloudinaryServiceImpl.class
com/example/InternShip/controller/AttendanceController.class
com/example/InternShip/dto/evaluation/request/EvaluateInternRequest.class
com/example/InternShip/dto/user/request/UpdateInfoRequest.class
com/example/InternShip/entity/Intern.class
com/example/InternShip/dto/application/request/HandleApplicationRequest.class
com/example/InternShip/dto/user/request/GetAllUserRequest.class
com/example/InternShip/repository/AttendanceRepository$AttendanceSummaryProjection.class
com/example/InternShip/dto/cloudinary/response/FileResponse.class
com/example/InternShip/service/impl/InternshipProgramServiceImpl.class
com/example/InternShip/config/ModelMapperConfig.class
com/example/InternShip/dto/team/request/CreateTeamRequest.class
com/example/InternShip/dto/internshipProgram/request/CreateInternProgramRequest.class
com/example/InternShip/service/impl/SprintCompletionServicelmpl.class
com/example/InternShip/dto/chat/response/ChatMessageResponse.class
com/example/InternShip/dto/intern/request/CreateInternRequest.class
com/example/InternShip/repository/MonthlyAllowanceReportRepository.class
com/example/InternShip/service/PendingUserService.class
com/example/InternShip/service/CloudinaryService.class
com/example/InternShip/config/AutoWiringSpringBeanJobFactory.class
com/example/InternShip/dto/intern/response/GetInternResponse.class
com/example/InternShip/exception/ResourceNotFoundException.class
com/example/InternShip/dto/allowancepackage/request/CreateAllowancePackageRequest.class
com/example/InternShip/entity/enums/TaskStatus.class
com/example/InternShip/dto/workSchedule/request/UpdateWorkScheduleRequest.class
com/example/InternShip/repository/InternRepository.class
com/example/InternShip/service/impl/AllowancePackageServiceImpl.class
