/home/namvu/Desktop/code_moi_nhat/be/src/main/java/com/example/InternShip/Main.java
/home/namvu/Desktop/code_moi_nhat/be/src/main/java/com/example/InternShip/config/ApplicationConfig.java
/home/namvu/Desktop/code_moi_nhat/be/src/main/java/com/example/InternShip/config/AutoWiringSpringBeanJobFactory.java
/home/namvu/Desktop/code_moi_nhat/be/src/main/java/com/example/InternShip/config/CloudinaryConfig.java
/home/namvu/Desktop/code_moi_nhat/be/src/main/java/com/example/InternShip/config/JwtChannelInterceptor.java
/home/namvu/Desktop/code_moi_nhat/be/src/main/java/com/example/InternShip/config/ModelMapperConfig.java
/home/namvu/Desktop/code_moi_nhat/be/src/main/java/com/example/InternShip/config/QuartzConfig.java
/home/namvu/Desktop/code_moi_nhat/be/src/main/java/com/example/InternShip/config/SecurityConfig.java
/home/namvu/Desktop/code_moi_nhat/be/src/main/java/com/example/InternShip/config/SwaggerConfig.java
/home/namvu/Desktop/code_moi_nhat/be/src/main/java/com/example/InternShip/config/WebSocketConfig.java
/home/namvu/Desktop/code_moi_nhat/be/src/main/java/com/example/InternShip/config/scheduler/MonthlyAllowanceCalculationJob.java
/home/namvu/Desktop/code_moi_nhat/be/src/main/java/com/example/InternShip/controller/AllowanceController.java
/home/namvu/Desktop/code_moi_nhat/be/src/main/java/com/example/InternShip/controller/AllowancePackageController.java
/home/namvu/Desktop/code_moi_nhat/be/src/main/java/com/example/InternShip/controller/AllowanceReportController.java
/home/namvu/Desktop/code_moi_nhat/be/src/main/java/com/example/InternShip/controller/ApplicationController.java
/home/namvu/Desktop/code_moi_nhat/be/src/main/java/com/example/InternShip/controller/AttendanceController.java
/home/namvu/Desktop/code_moi_nhat/be/src/main/java/com/example/InternShip/controller/AuthController.java
/home/namvu/Desktop/code_moi_nhat/be/src/main/java/com/example/InternShip/controller/ChatController.java
/home/namvu/Desktop/code_moi_nhat/be/src/main/java/com/example/InternShip/controller/ConversationController.java
/home/namvu/Desktop/code_moi_nhat/be/src/main/java/com/example/InternShip/controller/DepartmentController.java
/home/namvu/Desktop/code_moi_nhat/be/src/main/java/com/example/InternShip/controller/EvaluationController.java
/home/namvu/Desktop/code_moi_nhat/be/src/main/java/com/example/InternShip/controller/InternController.java
/home/namvu/Desktop/code_moi_nhat/be/src/main/java/com/example/InternShip/controller/InternshipProgramController.java
/home/namvu/Desktop/code_moi_nhat/be/src/main/java/com/example/InternShip/controller/LeaveRequestController.java
/home/namvu/Desktop/code_moi_nhat/be/src/main/java/com/example/InternShip/controller/MajorController.java
/home/namvu/Desktop/code_moi_nhat/be/src/main/java/com/example/InternShip/controller/MentorController.java
/home/namvu/Desktop/code_moi_nhat/be/src/main/java/com/example/InternShip/controller/PendingUserController.java
/home/namvu/Desktop/code_moi_nhat/be/src/main/java/com/example/InternShip/controller/ReportController.java
/home/namvu/Desktop/code_moi_nhat/be/src/main/java/com/example/InternShip/controller/SprintController.java
/home/namvu/Desktop/code_moi_nhat/be/src/main/java/com/example/InternShip/controller/SupportRequestController.java
/home/namvu/Desktop/code_moi_nhat/be/src/main/java/com/example/InternShip/controller/TaskController.java
/home/namvu/Desktop/code_moi_nhat/be/src/main/java/com/example/InternShip/controller/TeamController.java
/home/namvu/Desktop/code_moi_nhat/be/src/main/java/com/example/InternShip/controller/UniversityController.java
/home/namvu/Desktop/code_moi_nhat/be/src/main/java/com/example/InternShip/controller/UserController.java
/home/namvu/Desktop/code_moi_nhat/be/src/main/java/com/example/InternShip/controller/WorkScheduleController.java
/home/namvu/Desktop/code_moi_nhat/be/src/main/java/com/example/InternShip/dto/AllowanceResponse.java
/home/namvu/Desktop/code_moi_nhat/be/src/main/java/com/example/InternShip/dto/allowancepackage/request/CreateAllowancePackageRequest.java
/home/namvu/Desktop/code_moi_nhat/be/src/main/java/com/example/InternShip/dto/allowancepackage/response/AllowancePackageResponse.java
/home/namvu/Desktop/code_moi_nhat/be/src/main/java/com/example/InternShip/dto/allowancepackage/response/InternshipProgramInfo.java
/home/namvu/Desktop/code_moi_nhat/be/src/main/java/com/example/InternShip/dto/application/request/ApplicationRequest.java
/home/namvu/Desktop/code_moi_nhat/be/src/main/java/com/example/InternShip/dto/application/request/HandleApplicationRequest.java
/home/namvu/Desktop/code_moi_nhat/be/src/main/java/com/example/InternShip/dto/application/request/SubmitApplicationContractRequest.java
/home/namvu/Desktop/code_moi_nhat/be/src/main/java/com/example/InternShip/dto/application/response/ApplicationResponse.java
/home/namvu/Desktop/code_moi_nhat/be/src/main/java/com/example/InternShip/dto/attendance/response/GetAllAttendanceResponse.java
/home/namvu/Desktop/code_moi_nhat/be/src/main/java/com/example/InternShip/dto/attendance/response/GetMyScheduleResponse.java
/home/namvu/Desktop/code_moi_nhat/be/src/main/java/com/example/InternShip/dto/attendance/response/GetTeamScheduleResponse.java
/home/namvu/Desktop/code_moi_nhat/be/src/main/java/com/example/InternShip/dto/auth/request/GoogleLoginRequest.java
/home/namvu/Desktop/code_moi_nhat/be/src/main/java/com/example/InternShip/dto/auth/request/LoginRequest.java
/home/namvu/Desktop/code_moi_nhat/be/src/main/java/com/example/InternShip/dto/auth/request/RefreshTokenRequest.java
/home/namvu/Desktop/code_moi_nhat/be/src/main/java/com/example/InternShip/dto/auth/request/RegisterRequest.java
/home/namvu/Desktop/code_moi_nhat/be/src/main/java/com/example/InternShip/dto/auth/response/TokenResponse.java
/home/namvu/Desktop/code_moi_nhat/be/src/main/java/com/example/InternShip/dto/chat/request/ChatMessageRequest.java
/home/namvu/Desktop/code_moi_nhat/be/src/main/java/com/example/InternShip/dto/chat/response/ChatMessageResponse.java
/home/namvu/Desktop/code_moi_nhat/be/src/main/java/com/example/InternShip/dto/chat/response/ConversationListResponse.java
/home/namvu/Desktop/code_moi_nhat/be/src/main/java/com/example/InternShip/dto/chat/response/ConversationResponse.java
/home/namvu/Desktop/code_moi_nhat/be/src/main/java/com/example/InternShip/dto/cloudinary/response/FileResponse.java
/home/namvu/Desktop/code_moi_nhat/be/src/main/java/com/example/InternShip/dto/department/response/GetAllDepartmentResponse.java
/home/namvu/Desktop/code_moi_nhat/be/src/main/java/com/example/InternShip/dto/evaluation/request/EvaluateInternRequest.java
/home/namvu/Desktop/code_moi_nhat/be/src/main/java/com/example/InternShip/dto/evaluation/response/EvaluationResponse.java
/home/namvu/Desktop/code_moi_nhat/be/src/main/java/com/example/InternShip/dto/intern/request/CreateInternRequest.java
/home/namvu/Desktop/code_moi_nhat/be/src/main/java/com/example/InternShip/dto/intern/request/GetAllInternRequest.java
/home/namvu/Desktop/code_moi_nhat/be/src/main/java/com/example/InternShip/dto/intern/request/UpdateInternRequest.java
/home/namvu/Desktop/code_moi_nhat/be/src/main/java/com/example/InternShip/dto/intern/response/GetAllInternNoTeamResponse.java
/home/namvu/Desktop/code_moi_nhat/be/src/main/java/com/example/InternShip/dto/intern/response/GetInternResponse.java
/home/namvu/Desktop/code_moi_nhat/be/src/main/java/com/example/InternShip/dto/intern/response/MyProfileResponse.java
/home/namvu/Desktop/code_moi_nhat/be/src/main/java/com/example/InternShip/dto/internshipProgram/request/CreateInternProgramRequest.java
/home/namvu/Desktop/code_moi_nhat/be/src/main/java/com/example/InternShip/dto/internshipProgram/request/UpdateInternProgramRequest.java
/home/namvu/Desktop/code_moi_nhat/be/src/main/java/com/example/InternShip/dto/internshipProgram/response/GetAllInternProgramResponse.java
/home/namvu/Desktop/code_moi_nhat/be/src/main/java/com/example/InternShip/dto/internshipProgram/response/GetInternProgramResponse.java
/home/namvu/Desktop/code_moi_nhat/be/src/main/java/com/example/InternShip/dto/leaveRequest/request/CreateLeaveApplicationRequest.java
/home/namvu/Desktop/code_moi_nhat/be/src/main/java/com/example/InternShip/dto/leaveRequest/request/RejectLeaveApplicationRequest.java
/home/namvu/Desktop/code_moi_nhat/be/src/main/java/com/example/InternShip/dto/leaveRequest/response/GetAllLeaveApplicationResponse.java
/home/namvu/Desktop/code_moi_nhat/be/src/main/java/com/example/InternShip/dto/leaveRequest/response/GetLeaveApplicationResponse.java
/home/namvu/Desktop/code_moi_nhat/be/src/main/java/com/example/InternShip/dto/leaveRequest/response/InternGetAllLeaveApplicationResponse.java
/home/namvu/Desktop/code_moi_nhat/be/src/main/java/com/example/InternShip/dto/leaveRequest/response/InternGetAllLeaveApplicationResponseSupport.java
/home/namvu/Desktop/code_moi_nhat/be/src/main/java/com/example/InternShip/dto/mentor/request/CreateMentorRequest.java
/home/namvu/Desktop/code_moi_nhat/be/src/main/java/com/example/InternShip/dto/mentor/request/UpdateMentorRequest.java
/home/namvu/Desktop/code_moi_nhat/be/src/main/java/com/example/InternShip/dto/mentor/response/GetAllMentorResponse.java
/home/namvu/Desktop/code_moi_nhat/be/src/main/java/com/example/InternShip/dto/mentor/response/GetMentorResponse.java
/home/namvu/Desktop/code_moi_nhat/be/src/main/java/com/example/InternShip/dto/mentor/response/TeamResponse.java
/home/namvu/Desktop/code_moi_nhat/be/src/main/java/com/example/InternShip/dto/report/response/AttendanceSummaryResponse.java
/home/namvu/Desktop/code_moi_nhat/be/src/main/java/com/example/InternShip/dto/report/response/FinalAttendanceResponse.java
/home/namvu/Desktop/code_moi_nhat/be/src/main/java/com/example/InternShip/dto/report/response/FinalReportResponse.java
/home/namvu/Desktop/code_moi_nhat/be/src/main/java/com/example/InternShip/dto/report/response/InternAttendanceDetailResponse.java
/home/namvu/Desktop/code_moi_nhat/be/src/main/java/com/example/InternShip/dto/request/AllowanceRequest.java
/home/namvu/Desktop/code_moi_nhat/be/src/main/java/com/example/InternShip/dto/response/MajorGetAllResponse.java
/home/namvu/Desktop/code_moi_nhat/be/src/main/java/com/example/InternShip/dto/response/PagedResponse.java
/home/namvu/Desktop/code_moi_nhat/be/src/main/java/com/example/InternShip/dto/response/UniversityGetAllResponse.java
/home/namvu/Desktop/code_moi_nhat/be/src/main/java/com/example/InternShip/dto/sprint/request/CreateSprintRequest.java
/home/namvu/Desktop/code_moi_nhat/be/src/main/java/com/example/InternShip/dto/sprint/request/EvaluateSprintRequest.java
/home/namvu/Desktop/code_moi_nhat/be/src/main/java/com/example/InternShip/dto/sprint/request/UpdateSprintRequest.java
/home/namvu/Desktop/code_moi_nhat/be/src/main/java/com/example/InternShip/dto/sprint/response/GetEvaluateSprintResponse.java
/home/namvu/Desktop/code_moi_nhat/be/src/main/java/com/example/InternShip/dto/sprint/response/SprintReportResponse.java
/home/namvu/Desktop/code_moi_nhat/be/src/main/java/com/example/InternShip/dto/sprint/response/SprintResponse.java
/home/namvu/Desktop/code_moi_nhat/be/src/main/java/com/example/InternShip/dto/supportRequest/request/CreateSupportRequestRequest.java
/home/namvu/Desktop/code_moi_nhat/be/src/main/java/com/example/InternShip/dto/supportRequest/request/RejectSupportRequestRequest.java
/home/namvu/Desktop/code_moi_nhat/be/src/main/java/com/example/InternShip/dto/supportRequest/request/UpdateSupportRequestRequest.java
/home/namvu/Desktop/code_moi_nhat/be/src/main/java/com/example/InternShip/dto/supportRequest/response/GetSupportRequestResponse.java
/home/namvu/Desktop/code_moi_nhat/be/src/main/java/com/example/InternShip/dto/task/request/BatchTaskUpdateRequest.java
/home/namvu/Desktop/code_moi_nhat/be/src/main/java/com/example/InternShip/dto/task/request/CreateTaskRequest.java
/home/namvu/Desktop/code_moi_nhat/be/src/main/java/com/example/InternShip/dto/task/request/UpdateTaskRequest.java
/home/namvu/Desktop/code_moi_nhat/be/src/main/java/com/example/InternShip/dto/task/response/TaskResponse.java
/home/namvu/Desktop/code_moi_nhat/be/src/main/java/com/example/InternShip/dto/team/request/AddMemberRequest.java
/home/namvu/Desktop/code_moi_nhat/be/src/main/java/com/example/InternShip/dto/team/request/CreateTeamRequest.java
/home/namvu/Desktop/code_moi_nhat/be/src/main/java/com/example/InternShip/dto/team/request/UpdateTeamRequest.java
/home/namvu/Desktop/code_moi_nhat/be/src/main/java/com/example/InternShip/dto/team/response/GetAllTeamResponse.java
/home/namvu/Desktop/code_moi_nhat/be/src/main/java/com/example/InternShip/dto/team/response/TeamDetailResponse.java
/home/namvu/Desktop/code_moi_nhat/be/src/main/java/com/example/InternShip/dto/team/response/TeamMemberResponse.java
/home/namvu/Desktop/code_moi_nhat/be/src/main/java/com/example/InternShip/dto/user/request/ChangeMyPasswordRequest.java
/home/namvu/Desktop/code_moi_nhat/be/src/main/java/com/example/InternShip/dto/user/request/CreateUserRequest.java
/home/namvu/Desktop/code_moi_nhat/be/src/main/java/com/example/InternShip/dto/user/request/ForgetPasswordRequest.java
/home/namvu/Desktop/code_moi_nhat/be/src/main/java/com/example/InternShip/dto/user/request/GetAllUserRequest.java
/home/namvu/Desktop/code_moi_nhat/be/src/main/java/com/example/InternShip/dto/user/request/UpdateInfoRequest.java
/home/namvu/Desktop/code_moi_nhat/be/src/main/java/com/example/InternShip/dto/user/request/UpdateUserRequest.java
/home/namvu/Desktop/code_moi_nhat/be/src/main/java/com/example/InternShip/dto/user/response/GetUserResponse.java
/home/namvu/Desktop/code_moi_nhat/be/src/main/java/com/example/InternShip/dto/workSchedule/request/CreateWorkScheduleRequest.java
/home/namvu/Desktop/code_moi_nhat/be/src/main/java/com/example/InternShip/dto/workSchedule/request/UpdateWorkScheduleRequest.java
/home/namvu/Desktop/code_moi_nhat/be/src/main/java/com/example/InternShip/dto/workSchedule/response/WorkScheduleResponse.java
/home/namvu/Desktop/code_moi_nhat/be/src/main/java/com/example/InternShip/entity/Allowance.java
/home/namvu/Desktop/code_moi_nhat/be/src/main/java/com/example/InternShip/entity/AllowancePackage.java
/home/namvu/Desktop/code_moi_nhat/be/src/main/java/com/example/InternShip/entity/Attendance.java
/home/namvu/Desktop/code_moi_nhat/be/src/main/java/com/example/InternShip/entity/ChatMessage.java
/home/namvu/Desktop/code_moi_nhat/be/src/main/java/com/example/InternShip/entity/Conversation.java
/home/namvu/Desktop/code_moi_nhat/be/src/main/java/com/example/InternShip/entity/Department.java
/home/namvu/Desktop/code_moi_nhat/be/src/main/java/com/example/InternShip/entity/Intern.java
/home/namvu/Desktop/code_moi_nhat/be/src/main/java/com/example/InternShip/entity/InternshipApplication.java
/home/namvu/Desktop/code_moi_nhat/be/src/main/java/com/example/InternShip/entity/InternshipProgram.java
/home/namvu/Desktop/code_moi_nhat/be/src/main/java/com/example/InternShip/entity/LeaveRequest.java
/home/namvu/Desktop/code_moi_nhat/be/src/main/java/com/example/InternShip/entity/Major.java
/home/namvu/Desktop/code_moi_nhat/be/src/main/java/com/example/InternShip/entity/Mentor.java
/home/namvu/Desktop/code_moi_nhat/be/src/main/java/com/example/InternShip/entity/MonthlyAllowanceReport.java
/home/namvu/Desktop/code_moi_nhat/be/src/main/java/com/example/InternShip/entity/PendingUser.java
/home/namvu/Desktop/code_moi_nhat/be/src/main/java/com/example/InternShip/entity/Sprint.java
/home/namvu/Desktop/code_moi_nhat/be/src/main/java/com/example/InternShip/entity/SupportRequest.java
/home/namvu/Desktop/code_moi_nhat/be/src/main/java/com/example/InternShip/entity/Task.java
/home/namvu/Desktop/code_moi_nhat/be/src/main/java/com/example/InternShip/entity/Team.java
/home/namvu/Desktop/code_moi_nhat/be/src/main/java/com/example/InternShip/entity/University.java
/home/namvu/Desktop/code_moi_nhat/be/src/main/java/com/example/InternShip/entity/User.java
/home/namvu/Desktop/code_moi_nhat/be/src/main/java/com/example/InternShip/entity/WorkSchedule.java
/home/namvu/Desktop/code_moi_nhat/be/src/main/java/com/example/InternShip/entity/enums/Role.java
/home/namvu/Desktop/code_moi_nhat/be/src/main/java/com/example/InternShip/entity/enums/TaskStatus.java
/home/namvu/Desktop/code_moi_nhat/be/src/main/java/com/example/InternShip/exception/ErrorCode.java
/home/namvu/Desktop/code_moi_nhat/be/src/main/java/com/example/InternShip/exception/GlobalExceptionHandler.java
/home/namvu/Desktop/code_moi_nhat/be/src/main/java/com/example/InternShip/exception/InvalidRequestException.java
/home/namvu/Desktop/code_moi_nhat/be/src/main/java/com/example/InternShip/exception/NotFoundException.java
/home/namvu/Desktop/code_moi_nhat/be/src/main/java/com/example/InternShip/exception/ResourceNotFoundException.java
/home/namvu/Desktop/code_moi_nhat/be/src/main/java/com/example/InternShip/job/EndPublishJob.java
/home/namvu/Desktop/code_moi_nhat/be/src/main/java/com/example/InternShip/job/EndReviewJob.java
/home/namvu/Desktop/code_moi_nhat/be/src/main/java/com/example/InternShip/job/StartInternship.java
/home/namvu/Desktop/code_moi_nhat/be/src/main/java/com/example/InternShip/repository/AllowancePackageRepository.java
/home/namvu/Desktop/code_moi_nhat/be/src/main/java/com/example/InternShip/repository/AllowanceRepository.java
/home/namvu/Desktop/code_moi_nhat/be/src/main/java/com/example/InternShip/repository/AttendanceRepository.java
/home/namvu/Desktop/code_moi_nhat/be/src/main/java/com/example/InternShip/repository/ChatMessageRepository.java
/home/namvu/Desktop/code_moi_nhat/be/src/main/java/com/example/InternShip/repository/ConversationRepository.java
/home/namvu/Desktop/code_moi_nhat/be/src/main/java/com/example/InternShip/repository/DepartmentRepository.java
/home/namvu/Desktop/code_moi_nhat/be/src/main/java/com/example/InternShip/repository/InternRepository.java
/home/namvu/Desktop/code_moi_nhat/be/src/main/java/com/example/InternShip/repository/InternshipApplicationRepository.java
/home/namvu/Desktop/code_moi_nhat/be/src/main/java/com/example/InternShip/repository/InternshipProgramRepository.java
/home/namvu/Desktop/code_moi_nhat/be/src/main/java/com/example/InternShip/repository/LeaveRequestRepository.java
/home/namvu/Desktop/code_moi_nhat/be/src/main/java/com/example/InternShip/repository/MajorRepository.java
/home/namvu/Desktop/code_moi_nhat/be/src/main/java/com/example/InternShip/repository/MentorRepository.java
/home/namvu/Desktop/code_moi_nhat/be/src/main/java/com/example/InternShip/repository/MonthlyAllowanceReportRepository.java
/home/namvu/Desktop/code_moi_nhat/be/src/main/java/com/example/InternShip/repository/PendingUserRepository.java
/home/namvu/Desktop/code_moi_nhat/be/src/main/java/com/example/InternShip/repository/SprintRepository.java
/home/namvu/Desktop/code_moi_nhat/be/src/main/java/com/example/InternShip/repository/SupportRequestRepository.java
/home/namvu/Desktop/code_moi_nhat/be/src/main/java/com/example/InternShip/repository/TaskRepository.java
/home/namvu/Desktop/code_moi_nhat/be/src/main/java/com/example/InternShip/repository/TeamRepository.java
/home/namvu/Desktop/code_moi_nhat/be/src/main/java/com/example/InternShip/repository/UniversityRepository.java
/home/namvu/Desktop/code_moi_nhat/be/src/main/java/com/example/InternShip/repository/UserRepository.java
/home/namvu/Desktop/code_moi_nhat/be/src/main/java/com/example/InternShip/repository/WorkScheduleRepository.java
/home/namvu/Desktop/code_moi_nhat/be/src/main/java/com/example/InternShip/service/AllowanceCalculationService.java
/home/namvu/Desktop/code_moi_nhat/be/src/main/java/com/example/InternShip/service/AllowancePackageService.java
/home/namvu/Desktop/code_moi_nhat/be/src/main/java/com/example/InternShip/service/AllowanceReportService.java
/home/namvu/Desktop/code_moi_nhat/be/src/main/java/com/example/InternShip/service/AllowanceService.java
/home/namvu/Desktop/code_moi_nhat/be/src/main/java/com/example/InternShip/service/ApplicationService.java
/home/namvu/Desktop/code_moi_nhat/be/src/main/java/com/example/InternShip/service/AttendanceService.java
/home/namvu/Desktop/code_moi_nhat/be/src/main/java/com/example/InternShip/service/AuthService.java
/home/namvu/Desktop/code_moi_nhat/be/src/main/java/com/example/InternShip/service/ChatService.java
/home/namvu/Desktop/code_moi_nhat/be/src/main/java/com/example/InternShip/service/CloudinaryService.java
/home/namvu/Desktop/code_moi_nhat/be/src/main/java/com/example/InternShip/service/DepartmentService.java
/home/namvu/Desktop/code_moi_nhat/be/src/main/java/com/example/InternShip/service/EmailService.java
/home/namvu/Desktop/code_moi_nhat/be/src/main/java/com/example/InternShip/service/EvaluationService.java
/home/namvu/Desktop/code_moi_nhat/be/src/main/java/com/example/InternShip/service/ExcelExportService.java
/home/namvu/Desktop/code_moi_nhat/be/src/main/java/com/example/InternShip/service/GoogleAuthService.java
/home/namvu/Desktop/code_moi_nhat/be/src/main/java/com/example/InternShip/service/InternService.java
/home/namvu/Desktop/code_moi_nhat/be/src/main/java/com/example/InternShip/service/InternshipProgramService.java
/home/namvu/Desktop/code_moi_nhat/be/src/main/java/com/example/InternShip/service/LeaveRequestService.java
/home/namvu/Desktop/code_moi_nhat/be/src/main/java/com/example/InternShip/service/MentorService.java
/home/namvu/Desktop/code_moi_nhat/be/src/main/java/com/example/InternShip/service/PendingUserService.java
/home/namvu/Desktop/code_moi_nhat/be/src/main/java/com/example/InternShip/service/ReportService.java
/home/namvu/Desktop/code_moi_nhat/be/src/main/java/com/example/InternShip/service/SprintCompletionService.java
/home/namvu/Desktop/code_moi_nhat/be/src/main/java/com/example/InternShip/service/SprintService.java
/home/namvu/Desktop/code_moi_nhat/be/src/main/java/com/example/InternShip/service/SupportRequestService.java
/home/namvu/Desktop/code_moi_nhat/be/src/main/java/com/example/InternShip/service/TaskService.java
/home/namvu/Desktop/code_moi_nhat/be/src/main/java/com/example/InternShip/service/TeamService.java
/home/namvu/Desktop/code_moi_nhat/be/src/main/java/com/example/InternShip/service/UserService.java
/home/namvu/Desktop/code_moi_nhat/be/src/main/java/com/example/InternShip/service/WorkScheduleService.java
/home/namvu/Desktop/code_moi_nhat/be/src/main/java/com/example/InternShip/service/impl/AllowancePackageServiceImpl.java
/home/namvu/Desktop/code_moi_nhat/be/src/main/java/com/example/InternShip/service/impl/AllowanceReportServiceImpl.java
/home/namvu/Desktop/code_moi_nhat/be/src/main/java/com/example/InternShip/service/impl/AllowanceServiceImpl.java
/home/namvu/Desktop/code_moi_nhat/be/src/main/java/com/example/InternShip/service/impl/ApplicationServiceImpl.java
/home/namvu/Desktop/code_moi_nhat/be/src/main/java/com/example/InternShip/service/impl/AttendanceServiceImpl.java
/home/namvu/Desktop/code_moi_nhat/be/src/main/java/com/example/InternShip/service/impl/AuthServiceImpl.java
/home/namvu/Desktop/code_moi_nhat/be/src/main/java/com/example/InternShip/service/impl/ChatServiceImpl.java
/home/namvu/Desktop/code_moi_nhat/be/src/main/java/com/example/InternShip/service/impl/CloudinaryServiceImpl.java
/home/namvu/Desktop/code_moi_nhat/be/src/main/java/com/example/InternShip/service/impl/DepartmentServiceImpl.java
/home/namvu/Desktop/code_moi_nhat/be/src/main/java/com/example/InternShip/service/impl/EmailServiceImpl.java
/home/namvu/Desktop/code_moi_nhat/be/src/main/java/com/example/InternShip/service/impl/EvaluationServiceImpl.java
/home/namvu/Desktop/code_moi_nhat/be/src/main/java/com/example/InternShip/service/impl/ExcelExportServiceImpl.java
/home/namvu/Desktop/code_moi_nhat/be/src/main/java/com/example/InternShip/service/impl/GoogleAuthServiceImpl.java
/home/namvu/Desktop/code_moi_nhat/be/src/main/java/com/example/InternShip/service/impl/InternServiceImpl.java
/home/namvu/Desktop/code_moi_nhat/be/src/main/java/com/example/InternShip/service/impl/InternshipProgramServiceImpl.java
/home/namvu/Desktop/code_moi_nhat/be/src/main/java/com/example/InternShip/service/impl/LeaveRequestServiceImpl.java
/home/namvu/Desktop/code_moi_nhat/be/src/main/java/com/example/InternShip/service/impl/MentorServiceImpl.java
/home/namvu/Desktop/code_moi_nhat/be/src/main/java/com/example/InternShip/service/impl/PendingUserServiceImpl.java
/home/namvu/Desktop/code_moi_nhat/be/src/main/java/com/example/InternShip/service/impl/ReportServiceImpl.java
/home/namvu/Desktop/code_moi_nhat/be/src/main/java/com/example/InternShip/service/impl/SprintCompletionServicelmpl.java
/home/namvu/Desktop/code_moi_nhat/be/src/main/java/com/example/InternShip/service/impl/SprintServiceImpl.java
/home/namvu/Desktop/code_moi_nhat/be/src/main/java/com/example/InternShip/service/impl/SupportRequestServiceImpl.java
/home/namvu/Desktop/code_moi_nhat/be/src/main/java/com/example/InternShip/service/impl/TaskServiceImpl.java
/home/namvu/Desktop/code_moi_nhat/be/src/main/java/com/example/InternShip/service/impl/TeamServiceImpl.java
/home/namvu/Desktop/code_moi_nhat/be/src/main/java/com/example/InternShip/service/impl/UserServiceImpl.java
/home/namvu/Desktop/code_moi_nhat/be/src/main/java/com/example/InternShip/service/impl/WorkScheduleServiceImpl.java
